[06/18/26 14:57:25] INFO     Using 'conf/logging.yml' as logging __init__.py:270
                             configuration. You can change this                 
                             by setting the KEDRO_LOGGING_CONFIG                
                             environment variable accordingly.                  
[06/18/26 14:57:49] WARNING  /eos/user/m/maglowac/.local/lib/pyt warnings.py:110
                             hon3.11/site-packages/mlflow/pyfunc                
                             /utils/data_validation.py:186:                     
                             UserWarning: [33mAdd type hints to                 
                             the `predict` method to enable data                
                             validation and automatic signature                 
                             inference during model logging.                    
                             Check                                              
                             https://mlflow.org/docs/latest/mode                
                             l/python_model.html#type-hint-usage                
                             -in-pythonmodel for more                           
                             details.[0m                                        
                               color_warning(                                   
                                                                                
[06/18/26 14:57:53] INFO     Kedro project ctl2_model             session.py:330
                    INFO     Registering new custom resolver:  mlflow_hook.py:65
                             'km.random_name'                                   
WARNING: All log messages before absl::InitializeLog() is called are written to STDERR
I0000 00:00:1781787478.263797    1775 port.cc:153] oneDNN custom operations are on. You may see slightly different numerical results due to floating-point round-off errors from different computation orders. To turn them off, set the environment variable `TF_ENABLE_ONEDNN_OPTS=0`.
I0000 00:00:1781787478.319468    1775 cpu_feature_guard.cc:227] This TensorFlow binary is optimized to use available CPU instructions in performance-critical operations.
To enable the following instructions: AVX2 AVX512F AVX512_VNNI AVX512_BF16 FMA, in other operations, rebuild TensorFlow with the appropriate compiler flags.
WARNING: All log messages before absl::InitializeLog() is called are written to STDERR
I0000 00:00:1781787492.641892    1775 port.cc:153] oneDNN custom operations are on. You may see slightly different numerical results due to floating-point round-off errors from different computation orders. To turn them off, set the environment variable `TF_ENABLE_ONEDNN_OPTS=0`.
2026/06/18 14:58:14 WARNING mlflow.tracking.fluent: Exception raised while enabling autologging for tensorflow: cannot import name 'cast' from partially initialized module 'keras.src.backend' (most likely due to a circular import) (/eos/user/m/maglowac/.conda/envs/tf_gpu/lib/python3.11/site-packages/keras/src/backend/__init__.py)
[06/18/26 14:58:31] INFO     Using 'conf/logging.yml' as logging __init__.py:270
                             configuration. You can change this                 
                             by setting the KEDRO_LOGGING_CONFIG                
                             environment variable accordingly.                  
╭───────────────────── Traceback (most recent call last) ──────────────────────╮
│ /eos/user/m/maglowac/.conda/envs/tf_gpu/lib/python3.11/site-packages/importl │
│ ib_metadata/__init__.py:1014 in read_text                                    │
│                                                                              │
│   1011 │   │   │   NotADirectoryError,                                       │
│   1012 │   │   │   PermissionError,                                          │
│   1013 │   │   ):                                                            │
│ ❱ 1014 │   │   │   return self._path.joinpath(filename).read_text(encoding=' │
│   1015 │   │                                                                 │
│   1016 │   │   return None                                                   │
│   1017                                                                       │
│                                                                              │
│ /eos/user/m/maglowac/.conda/envs/tf_gpu/lib/python3.11/pathlib.py:1058 in    │
│ read_text                                                                    │
│                                                                              │
│   1055 │   │   Open the file in text mode, read it, and close the file.      │
│   1056 │   │   """                                                           │
│   1057 │   │   encoding = io.text_encoding(encoding)                         │
│ ❱ 1058 │   │   with self.open(mode='r', encoding=encoding, errors=errors) as │
│   1059 │   │   │   return f.read()                                           │
│   1060 │                                                                     │
│   1061 │   def write_bytes(self, data):                                      │
│                                                                              │
│ /eos/user/m/maglowac/.conda/envs/tf_gpu/lib/python3.11/pathlib.py:1044 in    │
│ open                                                                         │
│                                                                              │
│   1041 │   │   """                                                           │
│   1042 │   │   if "b" not in mode:                                           │
│   1043 │   │   │   encoding = io.text_encoding(encoding)                     │
│ ❱ 1044 │   │   return io.open(self, mode, buffering, encoding, errors, newli │
│   1045 │                                                                     │
│   1046 │   def read_bytes(self):                                             │
│   1047 │   │   """                                                           │
╰──────────────────────────────────────────────────────────────────────────────╯
FileNotFoundError: [Errno 2] No such file or directory: 
'/eos/user/m/maglowac/.local/lib/python3.11/site-packages/blinker-1.9.0.dist-inf
o/entry_points.txt'

During handling of the above exception, another exception occurred:

╭───────────────────── Traceback (most recent call last) ──────────────────────╮
│ /eos/user/m/maglowac/.conda/envs/tf_gpu/bin/kedro:6 in <module>              │
│                                                                              │
│ /eos/user/m/maglowac/.conda/envs/tf_gpu/lib/python3.11/site-packages/kedro/f │
│ ramework/cli/cli.py:258 in main                                              │
│                                                                              │
│   255 │   """Main entry point. Look for a ``cli.py``, and, if found, add its │
│   256 │   commands to `kedro`'s before invoking the CLI.                     │
│   257 │   """                                                                │
│ ❱ 258 │   _init_plugins()                                                    │
│   259 │   cli_collection = KedroCLI(project_path=find_kedro_project(Path.cwd │
│   260 │   cli_collection()                                                   │
│   261                                                                        │
│                                                                              │
│ /eos/user/m/maglowac/.conda/envs/tf_gpu/lib/python3.11/site-packages/kedro/f │
│ ramework/cli/cli.py:121 in _init_plugins                                     │
│                                                                              │
│   118                                                                        │
│   119                                                                        │
│   120 def _init_plugins() -> None:                                           │
│ ❱ 121 │   init_hooks = load_entry_points("init")                             │
│   122 │   for init_hook in init_hooks:                                       │
│   123 │   │   init_hook()                                                    │
│   124                                                                        │
│                                                                              │
│ /eos/user/m/maglowac/.conda/envs/tf_gpu/lib/python3.11/site-packages/kedro/f │
│ ramework/cli/utils.py:370 in load_entry_points                               │
│                                                                              │
│   367 │   """                                                                │
│   368 │                                                                      │
│   369 │   entry_point_commands = []                                          │
│ ❱ 370 │   for entry_point in _get_entry_points(name):                        │
│   371 │   │   loaded_entry_point = _safe_load_entry_point(entry_point)       │
│   372 │   │   if loaded_entry_point:                                         │
│   373 │   │   │   entry_point_commands.append(loaded_entry_point)            │
│                                                                              │
│ /eos/user/m/maglowac/.conda/envs/tf_gpu/lib/python3.11/site-packages/kedro/f │
│ ramework/cli/utils.py:334 in _get_entry_points                               │
│                                                                              │
│   331                                                                        │
│   332 def _get_entry_points(name: str) -> Any:                               │
│   333 │   """Get all kedro related entry points"""                           │
│ ❱ 334 │   return importlib_metadata.entry_points().select(  # type: ignore[n │
│   335 │   │   group=ENTRY_POINT_GROUPS[name]                                 │
│   336 │   )                                                                  │
│   337                                                                        │
│                                                                              │
│ /eos/user/m/maglowac/.conda/envs/tf_gpu/lib/python3.11/site-packages/importl │
│ ib_metadata/__init__.py:1110 in entry_points                                 │
│                                                                              │
│   1107 │   eps = itertools.chain.from_iterable(                              │
│   1108 │   │   dist.entry_points for dist in _unique(distributions())        │
│   1109 │   )                                                                 │
│ ❱ 1110 │   return EntryPoints(eps).select(**params)                          │
│   1111                                                                       │
│   1112                                                                       │
│   1113 def files(distribution_name: str) -> list[PackagePath] | None:        │
│                                                                              │
│ /eos/user/m/maglowac/.conda/envs/tf_gpu/lib/python3.11/site-packages/importl │
│ ib_metadata/__init__.py:1108 in <genexpr>                                    │
│                                                                              │
│   1105 │   :return: EntryPoints for all installed packages.                  │
│   1106 │   """                                                               │
│   1107 │   eps = itertools.chain.from_iterable(                              │
│ ❱ 1108 │   │   dist.entry_points for dist in _unique(distributions())        │
│   1109 │   )                                                                 │
│   1110 │   return EntryPoints(eps).select(**params)                          │
│   1111                                                                       │
│                                                                              │
│ /eos/user/m/maglowac/.conda/envs/tf_gpu/lib/python3.11/site-packages/importl │
│ ib_metadata/__init__.py:567 in entry_points                                  │
│                                                                              │
│    564 │   │   Custom providers may provide the ``entry_points.txt`` file    │
│    565 │   │   or override this property.                                    │
│    566 │   │   """                                                           │
│ ❱  567 │   │   return EntryPoints._from_text_for(self.read_text('entry_point │
│    568 │                                                                     │
│    569 │   @property                                                         │
│    570 │   def files(self) -> list[PackagePath] | None:                      │
│                                                                              │
│ /eos/user/m/maglowac/.conda/envs/tf_gpu/lib/python3.11/site-packages/importl │
│ ib_metadata/__init__.py:1007 in read_text                                    │
│                                                                              │
│   1004 │   │   self._path = path                                             │
│   1005 │                                                                     │
│   1006 │   def read_text(self, filename: str | os.PathLike[str]) -> str | No │
│ ❱ 1007 │   │   with suppress(                                                │
│   1008 │   │   │   FileNotFoundError,                                        │
│   1009 │   │   │   IsADirectoryError,                                        │
│   1010 │   │   │   KeyError,                                                 │
│                                                                              │
│ /eos/user/m/maglowac/.conda/envs/tf_gpu/lib/python3.11/contextlib.py:446 in  │
│ __exit__                                                                     │
│                                                                              │
│   443 │   def __enter__(self):                                               │
│   444 │   │   pass                                                           │
│   445 │                                                                      │
│ ❱ 446 │   def __exit__(self, exctype, excinst, exctb):                       │
│   447 │   │   # Unlike isinstance and issubclass, CPython exception handling │
│   448 │   │   # currently only looks at the concrete type hierarchy (ignorin │
│   449 │   │   # the instance and subclass checking hooks). While Guido consi │
╰──────────────────────────────────────────────────────────────────────────────╯
KeyboardInterrupt
